../Core/Src/main.c:61:6:MagAlpha_SPI_Write	16	static
../Core/Src/main.c:65:10:MagAlpha_SPI_Read	16	static
../Core/Src/main.c:71:6:MagAlpha_SPI_Select	8	static
../Core/Src/main.c:75:6:MagAlpha_SPI_Deselect	8	static
../Core/Src/main.c:79:6:MagAlpha_DelayMs	16	static
../Core/Src/main.c:83:6:MagAlpha_DelayUs	16	static
../Core/Src/main.c:92:5:main	16	static
../Core/Src/main.c:138:6:SystemClock_Config	72	static
../Core/Src/main.c:178:13:MX_SPI1_Init	8	static
../Core/Src/main.c:216:13:MX_TIM1_Init	32	static
../Core/Src/main.c:262:13:MX_GPIO_Init	32	static
../Core/Src/main.c:283:6:Delay_us	16	static
../Core/Src/main.c:294:6:Error_Handler	4	static,ignoring_inline_asm
