../Core/Src/main.c:62:6:MagAlpha_SPI_Write	16	static
../Core/Src/main.c:66:10:MagAlpha_SPI_Read	16	static
../Core/Src/main.c:72:6:MagAlpha_SPI_Select	8	static
../Core/Src/main.c:76:6:MagAlpha_SPI_Deselect	8	static
../Core/Src/main.c:80:6:MagAlpha_DelayMs	16	static
../Core/Src/main.c:84:6:MagAlpha_DelayUs	16	static
../Core/Src/main.c:93:5:main	16	static
../Core/Src/main.c:139:6:SystemClock_Config	72	static
../Core/Src/main.c:179:13:MX_SPI1_Init	8	static
../Core/Src/main.c:217:13:MX_TIM1_Init	32	static
../Core/Src/main.c:263:13:MX_GPIO_Init	32	static
../Core/Src/main.c:284:6:Delay_us	16	static
../Core/Src/main.c:295:6:Error_Handler	4	static,ignoring_inline_asm
